[16-Apr-2026 12:45:34 Europe/Rome] PHP Warning:  Undefined variable $nome in /home/gruprhsg/gestionale.gruppofare.it/Contratti/scheda_workflow.php on line 243
[16-Apr-2026 12:47:19 Europe/Rome] PHP Warning:  Undefined variable $nome in /home/gruprhsg/gestionale.gruppofare.it/Contratti/scheda_workflow.php on line 243
[16-Apr-2026 12:51:13 Europe/Rome] PHP Warning:  Undefined variable $nome in /home/gruprhsg/gestionale.gruppofare.it/Contratti/scheda_workflow.php on line 243
[16-Apr-2026 12:53:16 Europe/Rome] PHP Warning:  Undefined variable $nome in /home/gruprhsg/gestionale.gruppofare.it/Contratti/scheda_workflow.php on line 243
[16-Apr-2026 12:54:58 Europe/Rome] PHP Warning:  Undefined variable $nome in /home/gruprhsg/gestionale.gruppofare.it/Contratti/scheda_workflow.php on line 243
[16-Apr-2026 12:55:13 Europe/Rome] PHP Warning:  Undefined variable $nome in /home/gruprhsg/gestionale.gruppofare.it/Contratti/scheda_workflow.php on line 243
[16-Apr-2026 12:55:22 Europe/Rome] PHP Warning:  Undefined variable $nome in /home/gruprhsg/gestionale.gruppofare.it/Contratti/scheda_workflow.php on line 243
[16-Apr-2026 12:57:36 Europe/Rome] PHP Warning:  Undefined variable $nome in /home/gruprhsg/gestionale.gruppofare.it/Contratti/scheda_workflow.php on line 243
[16-Apr-2026 12:57:38 Europe/Rome] PHP Warning:  Undefined variable $nome in /home/gruprhsg/gestionale.gruppofare.it/Contratti/scheda_workflow.php on line 243
[16-Apr-2026 12:58:05 Europe/Rome] PHP Warning:  Undefined variable $nome in /home/gruprhsg/gestionale.gruppofare.it/Contratti/scheda_workflow.php on line 243
[16-Apr-2026 12:58:28 Europe/Rome] PHP Warning:  Undefined variable $nome in /home/gruprhsg/gestionale.gruppofare.it/Contratti/scheda_workflow.php on line 243
[16-Apr-2026 12:58:33 Europe/Rome] PHP Warning:  Undefined variable $nome in /home/gruprhsg/gestionale.gruppofare.it/Contratti/scheda_workflow.php on line 243
[16-Apr-2026 12:59:01 Europe/Rome] PHP Warning:  Undefined variable $nome in /home/gruprhsg/gestionale.gruppofare.it/Contratti/scheda_workflow.php on line 243
[16-Apr-2026 12:59:18 Europe/Rome] PHP Warning:  Undefined variable $nome in /home/gruprhsg/gestionale.gruppofare.it/Contratti/scheda_workflow.php on line 243
[16-Apr-2026 13:02:42 Europe/Rome] PHP Warning:  Undefined variable $nome in /home/gruprhsg/gestionale.gruppofare.it/Contratti/scheda_workflow.php on line 243
[16-Apr-2026 13:03:32 Europe/Rome] PHP Warning:  Undefined variable $nome in /home/gruprhsg/gestionale.gruppofare.it/Contratti/scheda_workflow.php on line 243
[16-Apr-2026 13:03:45 Europe/Rome] PHP Warning:  Undefined variable $nome in /home/gruprhsg/gestionale.gruppofare.it/Contratti/scheda_workflow.php on line 243
[16-Apr-2026 13:03:50 Europe/Rome] PHP Warning:  Undefined variable $nome in /home/gruprhsg/gestionale.gruppofare.it/Contratti/scheda_workflow.php on line 243
[16-Apr-2026 13:04:48 Europe/Rome] PHP Warning:  Undefined variable $nome in /home/gruprhsg/gestionale.gruppofare.it/Contratti/scheda_workflow.php on line 243
[16-Apr-2026 13:05:45 Europe/Rome] PHP Warning:  Undefined variable $nome in /home/gruprhsg/gestionale.gruppofare.it/Contratti/scheda_workflow.php on line 250
[16-Apr-2026 13:05:48 Europe/Rome] PHP Warning:  Undefined variable $nome in /home/gruprhsg/gestionale.gruppofare.it/Contratti/scheda_workflow.php on line 250
[16-Apr-2026 13:06:00 Europe/Rome] PHP Warning:  Undefined variable $nome in /home/gruprhsg/gestionale.gruppofare.it/Contratti/scheda_workflow.php on line 250
[16-Apr-2026 13:06:36 Europe/Rome] PHP Warning:  Undefined variable $nome in /home/gruprhsg/gestionale.gruppofare.it/Contratti/scheda_workflow.php on line 250
[16-Apr-2026 13:06:53 Europe/Rome] PHP Warning:  Undefined variable $nome in /home/gruprhsg/gestionale.gruppofare.it/Contratti/scheda_workflow.php on line 250
[16-Apr-2026 13:08:38 Europe/Rome] PHP Warning:  Undefined variable $nome in /home/gruprhsg/gestionale.gruppofare.it/Contratti/scheda_workflow.php on line 250
[16-Apr-2026 13:08:56 Europe/Rome] PHP Warning:  Undefined variable $nome in /home/gruprhsg/gestionale.gruppofare.it/Contratti/scheda_workflow.php on line 250
[16-Apr-2026 13:09:11 Europe/Rome] PHP Warning:  Undefined variable $nome in /home/gruprhsg/gestionale.gruppofare.it/Contratti/scheda_workflow.php on line 250
[16-Apr-2026 13:09:15 Europe/Rome] PHP Warning:  Undefined variable $nome in /home/gruprhsg/gestionale.gruppofare.it/Contratti/scheda_workflow.php on line 250
[16-Apr-2026 13:11:17 Europe/Rome] PHP Warning:  Undefined variable $nome in /home/gruprhsg/gestionale.gruppofare.it/Contratti/scheda_workflow.php on line 250
[16-Apr-2026 13:12:24 Europe/Rome] PHP Warning:  Undefined variable $nome in /home/gruprhsg/gestionale.gruppofare.it/Contratti/scheda_workflow.php on line 250
[16-Apr-2026 13:12:49 Europe/Rome] PHP Warning:  Undefined variable $nome in /home/gruprhsg/gestionale.gruppofare.it/Contratti/scheda_workflow.php on line 250
[16-Apr-2026 13:13:06 Europe/Rome] PHP Warning:  Undefined variable $nome in /home/gruprhsg/gestionale.gruppofare.it/Contratti/scheda_workflow.php on line 250
[16-Apr-2026 13:17:30 Europe/Rome] PHP Warning:  Undefined variable $nome in /home/gruprhsg/gestionale.gruppofare.it/Contratti/scheda_workflow.php on line 250
[16-Apr-2026 13:17:30 Europe/Rome] PHP Warning:  Undefined variable $documenti_altro in /home/gruprhsg/gestionale.gruppofare.it/Contratti/scheda_workflow.php on line 2390
[16-Apr-2026 13:17:30 Europe/Rome] PHP Fatal error:  Uncaught TypeError: count(): Argument #1 ($value) must be of type Countable|array, null given in /home/gruprhsg/gestionale.gruppofare.it/Contratti/scheda_workflow.php:2390
Stack trace:
#0 {main}
  thrown in /home/gruprhsg/gestionale.gruppofare.it/Contratti/scheda_workflow.php on line 2390
[16-Apr-2026 13:17:36 Europe/Rome] PHP Warning:  Undefined variable $nome in /home/gruprhsg/gestionale.gruppofare.it/Contratti/scheda_workflow.php on line 250
[16-Apr-2026 13:17:36 Europe/Rome] PHP Warning:  Undefined variable $documenti_altro in /home/gruprhsg/gestionale.gruppofare.it/Contratti/scheda_workflow.php on line 2390
[16-Apr-2026 13:17:36 Europe/Rome] PHP Fatal error:  Uncaught TypeError: count(): Argument #1 ($value) must be of type Countable|array, null given in /home/gruprhsg/gestionale.gruppofare.it/Contratti/scheda_workflow.php:2390
Stack trace:
#0 {main}
  thrown in /home/gruprhsg/gestionale.gruppofare.it/Contratti/scheda_workflow.php on line 2390
[16-Apr-2026 13:18:00 Europe/Rome] PHP Warning:  Undefined variable $nome in /home/gruprhsg/gestionale.gruppofare.it/Contratti/scheda_workflow.php on line 250
[16-Apr-2026 13:18:00 Europe/Rome] PHP Warning:  Undefined variable $documenti_altro in /home/gruprhsg/gestionale.gruppofare.it/Contratti/scheda_workflow.php on line 2390
[16-Apr-2026 13:18:00 Europe/Rome] PHP Fatal error:  Uncaught TypeError: count(): Argument #1 ($value) must be of type Countable|array, null given in /home/gruprhsg/gestionale.gruppofare.it/Contratti/scheda_workflow.php:2390
Stack trace:
#0 {main}
  thrown in /home/gruprhsg/gestionale.gruppofare.it/Contratti/scheda_workflow.php on line 2390
[16-Apr-2026 14:35:29 Europe/Rome] PHP Warning:  Undefined variable $nome in /home/gruprhsg/gestionale.gruppofare.it/Contratti/scheda_workflow.php on line 292
[16-Apr-2026 14:35:29 Europe/Rome] PHP Warning:  Undefined variable $documenti_altro in /home/gruprhsg/gestionale.gruppofare.it/Contratti/scheda_workflow.php on line 2442
[16-Apr-2026 14:35:29 Europe/Rome] PHP Fatal error:  Uncaught TypeError: count(): Argument #1 ($value) must be of type Countable|array, null given in /home/gruprhsg/gestionale.gruppofare.it/Contratti/scheda_workflow.php:2442
Stack trace:
#0 {main}
  thrown in /home/gruprhsg/gestionale.gruppofare.it/Contratti/scheda_workflow.php on line 2442
[16-Apr-2026 14:35:38 Europe/Rome] PHP Warning:  Undefined variable $nome in /home/gruprhsg/gestionale.gruppofare.it/Contratti/scheda_workflow.php on line 292
[16-Apr-2026 14:35:38 Europe/Rome] PHP Warning:  Undefined variable $documenti_altro in /home/gruprhsg/gestionale.gruppofare.it/Contratti/scheda_workflow.php on line 2442
[16-Apr-2026 14:35:38 Europe/Rome] PHP Fatal error:  Uncaught TypeError: count(): Argument #1 ($value) must be of type Countable|array, null given in /home/gruprhsg/gestionale.gruppofare.it/Contratti/scheda_workflow.php:2442
Stack trace:
#0 {main}
  thrown in /home/gruprhsg/gestionale.gruppofare.it/Contratti/scheda_workflow.php on line 2442
[16-Apr-2026 14:35:50 Europe/Rome] PHP Warning:  Undefined variable $nome in /home/gruprhsg/gestionale.gruppofare.it/Contratti/scheda_workflow.php on line 292
[16-Apr-2026 14:37:10 Europe/Rome] PHP Warning:  Undefined variable $nome in /home/gruprhsg/gestionale.gruppofare.it/Contratti/scheda_workflow.php on line 296
[16-Apr-2026 14:37:57 Europe/Rome] PHP Warning:  Undefined variable $nome in /home/gruprhsg/gestionale.gruppofare.it/Contratti/scheda_workflow.php on line 296
[16-Apr-2026 14:42:03 Europe/Rome] PHP Warning:  Undefined variable $nome in /home/gruprhsg/gestionale.gruppofare.it/Contratti/scheda_workflow.php on line 296
[16-Apr-2026 15:29:18 Europe/Rome] PHP Warning:  Undefined variable $nome in /home/gruprhsg/gestionale.gruppofare.it/Contratti/scheda_workflow.php on line 296
[16-Apr-2026 15:29:18 Europe/Rome] PHP Warning:  Undefined variable $documenti_altro in /home/gruprhsg/gestionale.gruppofare.it/Contratti/scheda_workflow.php on line 2446
[16-Apr-2026 15:29:18 Europe/Rome] PHP Fatal error:  Uncaught TypeError: count(): Argument #1 ($value) must be of type Countable|array, null given in /home/gruprhsg/gestionale.gruppofare.it/Contratti/scheda_workflow.php:2446
Stack trace:
#0 {main}
  thrown in /home/gruprhsg/gestionale.gruppofare.it/Contratti/scheda_workflow.php on line 2446
[16-Apr-2026 15:29:45 Europe/Rome] PHP Warning:  Undefined variable $nome in /home/gruprhsg/gestionale.gruppofare.it/Contratti/scheda_workflow.php on line 296
[16-Apr-2026 15:39:06 Europe/Rome] PHP Warning:  Undefined variable $nome in /home/gruprhsg/gestionale.gruppofare.it/Contratti/scheda_workflow.php on line 296
[16-Apr-2026 15:39:39 Europe/Rome] PHP Warning:  Undefined variable $nome in /home/gruprhsg/gestionale.gruppofare.it/Contratti/scheda_workflow.php on line 296
[16-Apr-2026 15:40:41 Europe/Rome] PHP Warning:  Undefined variable $nome in /home/gruprhsg/gestionale.gruppofare.it/Contratti/scheda_workflow.php on line 296
[16-Apr-2026 15:44:29 Europe/Rome] PHP Warning:  Undefined variable $nome in /home/gruprhsg/gestionale.gruppofare.it/Contratti/scheda_workflow.php on line 296
[16-Apr-2026 15:52:56 Europe/Rome] PHP Warning:  Undefined variable $nome in /home/gruprhsg/gestionale.gruppofare.it/Contratti/scheda_workflow.php on line 296
[16-Apr-2026 15:52:56 Europe/Rome] PHP Warning:  Undefined variable $documenti_altro in /home/gruprhsg/gestionale.gruppofare.it/Contratti/scheda_workflow.php on line 2446
[16-Apr-2026 15:52:56 Europe/Rome] PHP Fatal error:  Uncaught TypeError: count(): Argument #1 ($value) must be of type Countable|array, null given in /home/gruprhsg/gestionale.gruppofare.it/Contratti/scheda_workflow.php:2446
Stack trace:
#0 {main}
  thrown in /home/gruprhsg/gestionale.gruppofare.it/Contratti/scheda_workflow.php on line 2446
[16-Apr-2026 15:53:53 Europe/Rome] PHP Warning:  Undefined variable $nome in /home/gruprhsg/gestionale.gruppofare.it/Contratti/scheda_workflow.php on line 296
[16-Apr-2026 16:03:50 Europe/Rome] PHP Warning:  Undefined variable $nome in /home/gruprhsg/gestionale.gruppofare.it/Contratti/scheda_workflow.php on line 296
[16-Apr-2026 16:04:15 Europe/Rome] PHP Warning:  Undefined variable $nome in /home/gruprhsg/gestionale.gruppofare.it/Contratti/scheda_workflow.php on line 296
[16-Apr-2026 16:04:15 Europe/Rome] PHP Warning:  Undefined variable $documenti_altro in /home/gruprhsg/gestionale.gruppofare.it/Contratti/scheda_workflow.php on line 2446
[16-Apr-2026 16:04:15 Europe/Rome] PHP Fatal error:  Uncaught TypeError: count(): Argument #1 ($value) must be of type Countable|array, null given in /home/gruprhsg/gestionale.gruppofare.it/Contratti/scheda_workflow.php:2446
Stack trace:
#0 {main}
  thrown in /home/gruprhsg/gestionale.gruppofare.it/Contratti/scheda_workflow.php on line 2446
[16-Apr-2026 16:06:19 Europe/Rome] PHP Warning:  Undefined variable $nome in /home/gruprhsg/gestionale.gruppofare.it/Contratti/scheda_workflow.php on line 296
[16-Apr-2026 16:06:19 Europe/Rome] PHP Warning:  Undefined variable $documenti_altro in /home/gruprhsg/gestionale.gruppofare.it/Contratti/scheda_workflow.php on line 2451
[16-Apr-2026 16:06:19 Europe/Rome] PHP Fatal error:  Uncaught TypeError: count(): Argument #1 ($value) must be of type Countable|array, null given in /home/gruprhsg/gestionale.gruppofare.it/Contratti/scheda_workflow.php:2451
Stack trace:
#0 {main}
  thrown in /home/gruprhsg/gestionale.gruppofare.it/Contratti/scheda_workflow.php on line 2451
[16-Apr-2026 16:06:24 Europe/Rome] PHP Warning:  Undefined variable $nome in /home/gruprhsg/gestionale.gruppofare.it/Contratti/scheda_workflow.php on line 296
[16-Apr-2026 16:06:24 Europe/Rome] PHP Warning:  Undefined variable $documenti_altro in /home/gruprhsg/gestionale.gruppofare.it/Contratti/scheda_workflow.php on line 2451
[16-Apr-2026 16:06:24 Europe/Rome] PHP Fatal error:  Uncaught TypeError: count(): Argument #1 ($value) must be of type Countable|array, null given in /home/gruprhsg/gestionale.gruppofare.it/Contratti/scheda_workflow.php:2451
Stack trace:
#0 {main}
  thrown in /home/gruprhsg/gestionale.gruppofare.it/Contratti/scheda_workflow.php on line 2451
[16-Apr-2026 16:13:26 Europe/Rome] PHP Warning:  Undefined variable $nome in /home/gruprhsg/gestionale.gruppofare.it/Contratti/scheda_workflow.php on line 296
[16-Apr-2026 16:16:38 Europe/Rome] PHP Warning:  Undefined variable $nome in /home/gruprhsg/gestionale.gruppofare.it/Contratti/scheda_workflow.php on line 296
[16-Apr-2026 16:22:03 Europe/Rome] PHP Warning:  Undefined variable $nome in /home/gruprhsg/gestionale.gruppofare.it/Contratti/scheda_workflow.php on line 296
[16-Apr-2026 16:25:24 Europe/Rome] PHP Warning:  Undefined variable $nome in /home/gruprhsg/gestionale.gruppofare.it/Contratti/scheda_workflow.php on line 296
[16-Apr-2026 16:26:22 Europe/Rome] PHP Warning:  Undefined variable $nome in /home/gruprhsg/gestionale.gruppofare.it/Contratti/scheda_workflow.php on line 296
[16-Apr-2026 16:26:31 Europe/Rome] PHP Warning:  Undefined variable $nome in /home/gruprhsg/gestionale.gruppofare.it/Contratti/scheda_workflow.php on line 296
[16-Apr-2026 16:26:31 Europe/Rome] PHP Warning:  Undefined variable $documenti_altro in /home/gruprhsg/gestionale.gruppofare.it/Contratti/scheda_workflow.php on line 2451
[16-Apr-2026 16:26:31 Europe/Rome] PHP Fatal error:  Uncaught TypeError: count(): Argument #1 ($value) must be of type Countable|array, null given in /home/gruprhsg/gestionale.gruppofare.it/Contratti/scheda_workflow.php:2451
Stack trace:
#0 {main}
  thrown in /home/gruprhsg/gestionale.gruppofare.it/Contratti/scheda_workflow.php on line 2451
[16-Apr-2026 16:42:21 Europe/Rome] PHP Warning:  Undefined variable $nome in /home/gruprhsg/gestionale.gruppofare.it/Contratti/scheda_workflow.php on line 296
[16-Apr-2026 17:15:07 Europe/Rome] PHP Warning:  Undefined variable $nome in /home/gruprhsg/gestionale.gruppofare.it/Contratti/scheda_workflow.php on line 296
[16-Apr-2026 17:15:07 Europe/Rome] PHP Warning:  Undefined variable $documenti_altro in /home/gruprhsg/gestionale.gruppofare.it/Contratti/scheda_workflow.php on line 2451
[16-Apr-2026 17:15:07 Europe/Rome] PHP Fatal error:  Uncaught TypeError: count(): Argument #1 ($value) must be of type Countable|array, null given in /home/gruprhsg/gestionale.gruppofare.it/Contratti/scheda_workflow.php:2451
Stack trace:
#0 {main}
  thrown in /home/gruprhsg/gestionale.gruppofare.it/Contratti/scheda_workflow.php on line 2451
[16-Apr-2026 17:17:13 Europe/Rome] PHP Warning:  Undefined variable $nome in /home/gruprhsg/gestionale.gruppofare.it/Contratti/scheda_workflow.php on line 296
[16-Apr-2026 17:17:13 Europe/Rome] PHP Warning:  Undefined variable $documenti_altro in /home/gruprhsg/gestionale.gruppofare.it/Contratti/scheda_workflow.php on line 2451
[16-Apr-2026 17:17:13 Europe/Rome] PHP Fatal error:  Uncaught TypeError: count(): Argument #1 ($value) must be of type Countable|array, null given in /home/gruprhsg/gestionale.gruppofare.it/Contratti/scheda_workflow.php:2451
Stack trace:
#0 {main}
  thrown in /home/gruprhsg/gestionale.gruppofare.it/Contratti/scheda_workflow.php on line 2451
[16-Apr-2026 17:17:31 Europe/Rome] PHP Warning:  Undefined variable $nome in /home/gruprhsg/gestionale.gruppofare.it/Contratti/scheda_workflow.php on line 296
[16-Apr-2026 17:17:31 Europe/Rome] PHP Warning:  Undefined variable $documenti_altro in /home/gruprhsg/gestionale.gruppofare.it/Contratti/scheda_workflow.php on line 2451
[16-Apr-2026 17:17:31 Europe/Rome] PHP Fatal error:  Uncaught TypeError: count(): Argument #1 ($value) must be of type Countable|array, null given in /home/gruprhsg/gestionale.gruppofare.it/Contratti/scheda_workflow.php:2451
Stack trace:
#0 {main}
  thrown in /home/gruprhsg/gestionale.gruppofare.it/Contratti/scheda_workflow.php on line 2451
[16-Apr-2026 17:18:14 Europe/Rome] PHP Warning:  Undefined variable $nome in /home/gruprhsg/gestionale.gruppofare.it/Contratti/scheda_workflow.php on line 296
[16-Apr-2026 17:18:14 Europe/Rome] PHP Warning:  Undefined variable $documenti_altro in /home/gruprhsg/gestionale.gruppofare.it/Contratti/scheda_workflow.php on line 2451
[16-Apr-2026 17:18:14 Europe/Rome] PHP Fatal error:  Uncaught TypeError: count(): Argument #1 ($value) must be of type Countable|array, null given in /home/gruprhsg/gestionale.gruppofare.it/Contratti/scheda_workflow.php:2451
Stack trace:
#0 {main}
  thrown in /home/gruprhsg/gestionale.gruppofare.it/Contratti/scheda_workflow.php on line 2451
[16-Apr-2026 17:18:29 Europe/Rome] PHP Warning:  Undefined variable $nome in /home/gruprhsg/gestionale.gruppofare.it/Contratti/scheda_workflow.php on line 296
[16-Apr-2026 17:18:29 Europe/Rome] PHP Warning:  Undefined variable $documenti_altro in /home/gruprhsg/gestionale.gruppofare.it/Contratti/scheda_workflow.php on line 2451
[16-Apr-2026 17:18:29 Europe/Rome] PHP Fatal error:  Uncaught TypeError: count(): Argument #1 ($value) must be of type Countable|array, null given in /home/gruprhsg/gestionale.gruppofare.it/Contratti/scheda_workflow.php:2451
Stack trace:
#0 {main}
  thrown in /home/gruprhsg/gestionale.gruppofare.it/Contratti/scheda_workflow.php on line 2451
[16-Apr-2026 17:25:39 Europe/Rome] PHP Warning:  Undefined variable $nome in /home/gruprhsg/gestionale.gruppofare.it/Contratti/scheda_workflow.php on line 296
[16-Apr-2026 17:25:39 Europe/Rome] PHP Warning:  Undefined variable $documenti_altro in /home/gruprhsg/gestionale.gruppofare.it/Contratti/scheda_workflow.php on line 2451
[16-Apr-2026 17:25:39 Europe/Rome] PHP Fatal error:  Uncaught TypeError: count(): Argument #1 ($value) must be of type Countable|array, null given in /home/gruprhsg/gestionale.gruppofare.it/Contratti/scheda_workflow.php:2451
Stack trace:
#0 {main}
  thrown in /home/gruprhsg/gestionale.gruppofare.it/Contratti/scheda_workflow.php on line 2451
[16-Apr-2026 17:26:15 Europe/Rome] PHP Warning:  Undefined variable $nome in /home/gruprhsg/gestionale.gruppofare.it/Contratti/scheda_workflow.php on line 296
[16-Apr-2026 17:26:15 Europe/Rome] PHP Warning:  Undefined variable $documenti_altro in /home/gruprhsg/gestionale.gruppofare.it/Contratti/scheda_workflow.php on line 2451
[16-Apr-2026 17:26:15 Europe/Rome] PHP Fatal error:  Uncaught TypeError: count(): Argument #1 ($value) must be of type Countable|array, null given in /home/gruprhsg/gestionale.gruppofare.it/Contratti/scheda_workflow.php:2451
Stack trace:
#0 {main}
  thrown in /home/gruprhsg/gestionale.gruppofare.it/Contratti/scheda_workflow.php on line 2451
[16-Apr-2026 17:26:23 Europe/Rome] PHP Warning:  Undefined variable $nome in /home/gruprhsg/gestionale.gruppofare.it/Contratti/scheda_workflow.php on line 296
[16-Apr-2026 17:26:23 Europe/Rome] PHP Warning:  Undefined variable $documenti_altro in /home/gruprhsg/gestionale.gruppofare.it/Contratti/scheda_workflow.php on line 2451
[16-Apr-2026 17:26:23 Europe/Rome] PHP Fatal error:  Uncaught TypeError: count(): Argument #1 ($value) must be of type Countable|array, null given in /home/gruprhsg/gestionale.gruppofare.it/Contratti/scheda_workflow.php:2451
Stack trace:
#0 {main}
  thrown in /home/gruprhsg/gestionale.gruppofare.it/Contratti/scheda_workflow.php on line 2451
[16-Apr-2026 17:26:38 Europe/Rome] PHP Warning:  Undefined variable $nome in /home/gruprhsg/gestionale.gruppofare.it/Contratti/scheda_workflow.php on line 296
[16-Apr-2026 17:26:38 Europe/Rome] PHP Warning:  Undefined variable $documenti_altro in /home/gruprhsg/gestionale.gruppofare.it/Contratti/scheda_workflow.php on line 2451
[16-Apr-2026 17:26:38 Europe/Rome] PHP Fatal error:  Uncaught TypeError: count(): Argument #1 ($value) must be of type Countable|array, null given in /home/gruprhsg/gestionale.gruppofare.it/Contratti/scheda_workflow.php:2451
Stack trace:
#0 {main}
  thrown in /home/gruprhsg/gestionale.gruppofare.it/Contratti/scheda_workflow.php on line 2451
[16-Apr-2026 18:25:20 Europe/Rome] PHP Warning:  Undefined variable $nome in /home/gruprhsg/gestionale.gruppofare.it/Contratti/scheda_workflow.php on line 296
[16-Apr-2026 18:26:57 Europe/Rome] PHP Warning:  Undefined variable $nome in /home/gruprhsg/gestionale.gruppofare.it/Contratti/scheda_workflow.php on line 296
[16-Apr-2026 18:27:18 Europe/Rome] PHP Warning:  Undefined variable $nome in /home/gruprhsg/gestionale.gruppofare.it/Contratti/scheda_workflow.php on line 296
[16-Apr-2026 18:48:07 Europe/Rome] PHP Warning:  Undefined variable $nome in /home/gruprhsg/gestionale.gruppofare.it/Contratti/scheda_workflow.php on line 296
[16-Apr-2026 18:48:07 Europe/Rome] PHP Warning:  Undefined variable $documenti_altro in /home/gruprhsg/gestionale.gruppofare.it/Contratti/scheda_workflow.php on line 2451
[16-Apr-2026 18:48:07 Europe/Rome] PHP Fatal error:  Uncaught TypeError: count(): Argument #1 ($value) must be of type Countable|array, null given in /home/gruprhsg/gestionale.gruppofare.it/Contratti/scheda_workflow.php:2451
Stack trace:
#0 {main}
  thrown in /home/gruprhsg/gestionale.gruppofare.it/Contratti/scheda_workflow.php on line 2451
[17-Apr-2026 09:31:09 Europe/Rome] PHP Warning:  Undefined variable $nome in /home/gruprhsg/gestionale.gruppofare.it/Contratti/scheda_workflow.php on line 296
[17-Apr-2026 09:42:53 Europe/Rome] PHP Warning:  Undefined variable $nome in /home/gruprhsg/gestionale.gruppofare.it/Contratti/scheda_workflow.php on line 296
[17-Apr-2026 09:44:14 Europe/Rome] PHP Warning:  Undefined variable $nome in /home/gruprhsg/gestionale.gruppofare.it/Contratti/scheda_workflow.php on line 296
[17-Apr-2026 09:44:46 Europe/Rome] PHP Warning:  Undefined variable $nome in /home/gruprhsg/gestionale.gruppofare.it/Contratti/scheda_workflow.php on line 296
[17-Apr-2026 09:44:46 Europe/Rome] PHP Warning:  Undefined variable $documenti_altro in /home/gruprhsg/gestionale.gruppofare.it/Contratti/scheda_workflow.php on line 2451
[17-Apr-2026 09:44:46 Europe/Rome] PHP Fatal error:  Uncaught TypeError: count(): Argument #1 ($value) must be of type Countable|array, null given in /home/gruprhsg/gestionale.gruppofare.it/Contratti/scheda_workflow.php:2451
Stack trace:
#0 {main}
  thrown in /home/gruprhsg/gestionale.gruppofare.it/Contratti/scheda_workflow.php on line 2451
[17-Apr-2026 09:48:01 Europe/Rome] PHP Warning:  Undefined variable $nome in /home/gruprhsg/gestionale.gruppofare.it/Contratti/scheda_workflow.php on line 296
[17-Apr-2026 09:51:27 Europe/Rome] PHP Warning:  Undefined variable $nome in /home/gruprhsg/gestionale.gruppofare.it/Contratti/scheda_workflow.php on line 296
[17-Apr-2026 09:51:27 Europe/Rome] PHP Warning:  Undefined variable $documenti_altro in /home/gruprhsg/gestionale.gruppofare.it/Contratti/scheda_workflow.php on line 2451
[17-Apr-2026 09:51:27 Europe/Rome] PHP Fatal error:  Uncaught TypeError: count(): Argument #1 ($value) must be of type Countable|array, null given in /home/gruprhsg/gestionale.gruppofare.it/Contratti/scheda_workflow.php:2451
Stack trace:
#0 {main}
  thrown in /home/gruprhsg/gestionale.gruppofare.it/Contratti/scheda_workflow.php on line 2451
[17-Apr-2026 09:51:42 Europe/Rome] PHP Warning:  Undefined variable $nome in /home/gruprhsg/gestionale.gruppofare.it/Contratti/scheda_workflow.php on line 296
[17-Apr-2026 09:51:42 Europe/Rome] PHP Warning:  Undefined variable $documenti_altro in /home/gruprhsg/gestionale.gruppofare.it/Contratti/scheda_workflow.php on line 2451
[17-Apr-2026 09:51:42 Europe/Rome] PHP Fatal error:  Uncaught TypeError: count(): Argument #1 ($value) must be of type Countable|array, null given in /home/gruprhsg/gestionale.gruppofare.it/Contratti/scheda_workflow.php:2451
Stack trace:
#0 {main}
  thrown in /home/gruprhsg/gestionale.gruppofare.it/Contratti/scheda_workflow.php on line 2451
[17-Apr-2026 09:52:26 Europe/Rome] PHP Warning:  Undefined variable $nome in /home/gruprhsg/gestionale.gruppofare.it/Contratti/scheda_workflow.php on line 296
[17-Apr-2026 09:52:26 Europe/Rome] PHP Warning:  Undefined variable $documenti_altro in /home/gruprhsg/gestionale.gruppofare.it/Contratti/scheda_workflow.php on line 2451
[17-Apr-2026 09:52:26 Europe/Rome] PHP Fatal error:  Uncaught TypeError: count(): Argument #1 ($value) must be of type Countable|array, null given in /home/gruprhsg/gestionale.gruppofare.it/Contratti/scheda_workflow.php:2451
Stack trace:
#0 {main}
  thrown in /home/gruprhsg/gestionale.gruppofare.it/Contratti/scheda_workflow.php on line 2451
[17-Apr-2026 09:52:38 Europe/Rome] PHP Warning:  Undefined variable $nome in /home/gruprhsg/gestionale.gruppofare.it/Contratti/scheda_workflow.php on line 296
[17-Apr-2026 09:53:35 Europe/Rome] PHP Warning:  Undefined variable $nome in /home/gruprhsg/gestionale.gruppofare.it/Contratti/scheda_workflow.php on line 296
[17-Apr-2026 09:53:36 Europe/Rome] PHP Warning:  Undefined variable $nome in /home/gruprhsg/gestionale.gruppofare.it/Contratti/scheda_workflow.php on line 296
[17-Apr-2026 09:53:45 Europe/Rome] PHP Warning:  Undefined variable $nome in /home/gruprhsg/gestionale.gruppofare.it/Contratti/scheda_workflow.php on line 296
[17-Apr-2026 09:55:09 Europe/Rome] PHP Warning:  Undefined variable $nome in /home/gruprhsg/gestionale.gruppofare.it/Contratti/scheda_workflow.php on line 296
[17-Apr-2026 09:56:29 Europe/Rome] PHP Warning:  Undefined variable $nome in /home/gruprhsg/gestionale.gruppofare.it/Contratti/scheda_workflow.php on line 296
[17-Apr-2026 09:56:35 Europe/Rome] PHP Warning:  Undefined variable $nome in /home/gruprhsg/gestionale.gruppofare.it/Contratti/scheda_workflow.php on line 296
[17-Apr-2026 09:58:35 Europe/Rome] PHP Warning:  Undefined variable $nome in /home/gruprhsg/gestionale.gruppofare.it/Contratti/scheda_workflow.php on line 296
[17-Apr-2026 09:59:23 Europe/Rome] PHP Warning:  Undefined variable $nome in /home/gruprhsg/gestionale.gruppofare.it/Contratti/scheda_workflow.php on line 296
[17-Apr-2026 09:59:23 Europe/Rome] PHP Warning:  Undefined variable $documenti_altro in /home/gruprhsg/gestionale.gruppofare.it/Contratti/scheda_workflow.php on line 2451
[17-Apr-2026 09:59:23 Europe/Rome] PHP Fatal error:  Uncaught TypeError: count(): Argument #1 ($value) must be of type Countable|array, null given in /home/gruprhsg/gestionale.gruppofare.it/Contratti/scheda_workflow.php:2451
Stack trace:
#0 {main}
  thrown in /home/gruprhsg/gestionale.gruppofare.it/Contratti/scheda_workflow.php on line 2451
[17-Apr-2026 09:59:49 Europe/Rome] PHP Warning:  Undefined variable $nome in /home/gruprhsg/gestionale.gruppofare.it/Contratti/scheda_workflow.php on line 296
[17-Apr-2026 09:59:53 Europe/Rome] PHP Warning:  Undefined variable $nome in /home/gruprhsg/gestionale.gruppofare.it/Contratti/scheda_workflow.php on line 296
[17-Apr-2026 09:59:53 Europe/Rome] PHP Warning:  Undefined variable $documenti_altro in /home/gruprhsg/gestionale.gruppofare.it/Contratti/scheda_workflow.php on line 2451
[17-Apr-2026 09:59:53 Europe/Rome] PHP Fatal error:  Uncaught TypeError: count(): Argument #1 ($value) must be of type Countable|array, null given in /home/gruprhsg/gestionale.gruppofare.it/Contratti/scheda_workflow.php:2451
Stack trace:
#0 {main}
  thrown in /home/gruprhsg/gestionale.gruppofare.it/Contratti/scheda_workflow.php on line 2451
[17-Apr-2026 10:26:50 Europe/Rome] PHP Warning:  Undefined variable $nome in /home/gruprhsg/gestionale.gruppofare.it/Contratti/scheda_workflow.php on line 296
[17-Apr-2026 10:26:50 Europe/Rome] PHP Warning:  Undefined variable $documenti_altro in /home/gruprhsg/gestionale.gruppofare.it/Contratti/scheda_workflow.php on line 2451
[17-Apr-2026 10:26:50 Europe/Rome] PHP Fatal error:  Uncaught TypeError: count(): Argument #1 ($value) must be of type Countable|array, null given in /home/gruprhsg/gestionale.gruppofare.it/Contratti/scheda_workflow.php:2451
Stack trace:
#0 {main}
  thrown in /home/gruprhsg/gestionale.gruppofare.it/Contratti/scheda_workflow.php on line 2451
[17-Apr-2026 10:26:58 Europe/Rome] PHP Warning:  Undefined variable $nome in /home/gruprhsg/gestionale.gruppofare.it/Contratti/scheda_workflow.php on line 296
[17-Apr-2026 10:26:58 Europe/Rome] PHP Warning:  Undefined variable $documenti_altro in /home/gruprhsg/gestionale.gruppofare.it/Contratti/scheda_workflow.php on line 2451
[17-Apr-2026 10:26:58 Europe/Rome] PHP Fatal error:  Uncaught TypeError: count(): Argument #1 ($value) must be of type Countable|array, null given in /home/gruprhsg/gestionale.gruppofare.it/Contratti/scheda_workflow.php:2451
Stack trace:
#0 {main}
  thrown in /home/gruprhsg/gestionale.gruppofare.it/Contratti/scheda_workflow.php on line 2451
[17-Apr-2026 10:27:05 Europe/Rome] PHP Warning:  Undefined variable $nome in /home/gruprhsg/gestionale.gruppofare.it/Contratti/scheda_workflow.php on line 296
[17-Apr-2026 10:27:32 Europe/Rome] PHP Warning:  Undefined variable $nome in /home/gruprhsg/gestionale.gruppofare.it/Contratti/scheda_workflow.php on line 296
[17-Apr-2026 10:27:32 Europe/Rome] PHP Warning:  Undefined variable $documenti_altro in /home/gruprhsg/gestionale.gruppofare.it/Contratti/scheda_workflow.php on line 2451
[17-Apr-2026 10:27:32 Europe/Rome] PHP Fatal error:  Uncaught TypeError: count(): Argument #1 ($value) must be of type Countable|array, null given in /home/gruprhsg/gestionale.gruppofare.it/Contratti/scheda_workflow.php:2451
Stack trace:
#0 {main}
  thrown in /home/gruprhsg/gestionale.gruppofare.it/Contratti/scheda_workflow.php on line 2451
[17-Apr-2026 10:30:00 Europe/Rome] PHP Warning:  Undefined variable $nome in /home/gruprhsg/gestionale.gruppofare.it/Contratti/scheda_workflow.php on line 296
[17-Apr-2026 10:30:00 Europe/Rome] PHP Warning:  Undefined variable $documenti_altro in /home/gruprhsg/gestionale.gruppofare.it/Contratti/scheda_workflow.php on line 2451
[17-Apr-2026 10:30:00 Europe/Rome] PHP Fatal error:  Uncaught TypeError: count(): Argument #1 ($value) must be of type Countable|array, null given in /home/gruprhsg/gestionale.gruppofare.it/Contratti/scheda_workflow.php:2451
Stack trace:
#0 {main}
  thrown in /home/gruprhsg/gestionale.gruppofare.it/Contratti/scheda_workflow.php on line 2451
[17-Apr-2026 10:44:10 Europe/Rome] PHP Warning:  Undefined variable $nome in /home/gruprhsg/gestionale.gruppofare.it/Contratti/scheda_workflow.php on line 296
[17-Apr-2026 10:44:10 Europe/Rome] PHP Warning:  Undefined variable $documenti_altro in /home/gruprhsg/gestionale.gruppofare.it/Contratti/scheda_workflow.php on line 2451
[17-Apr-2026 10:44:10 Europe/Rome] PHP Fatal error:  Uncaught TypeError: count(): Argument #1 ($value) must be of type Countable|array, null given in /home/gruprhsg/gestionale.gruppofare.it/Contratti/scheda_workflow.php:2451
Stack trace:
#0 {main}
  thrown in /home/gruprhsg/gestionale.gruppofare.it/Contratti/scheda_workflow.php on line 2451
[17-Apr-2026 10:45:56 Europe/Rome] PHP Warning:  Undefined variable $nome in /home/gruprhsg/gestionale.gruppofare.it/Contratti/scheda_workflow.php on line 296
[17-Apr-2026 10:45:56 Europe/Rome] PHP Warning:  Undefined variable $documenti_altro in /home/gruprhsg/gestionale.gruppofare.it/Contratti/scheda_workflow.php on line 2451
[17-Apr-2026 10:45:56 Europe/Rome] PHP Fatal error:  Uncaught TypeError: count(): Argument #1 ($value) must be of type Countable|array, null given in /home/gruprhsg/gestionale.gruppofare.it/Contratti/scheda_workflow.php:2451
Stack trace:
#0 {main}
  thrown in /home/gruprhsg/gestionale.gruppofare.it/Contratti/scheda_workflow.php on line 2451
[17-Apr-2026 10:51:59 Europe/Rome] PHP Warning:  Undefined variable $nome in /home/gruprhsg/gestionale.gruppofare.it/Contratti/scheda_workflow.php on line 296
[17-Apr-2026 10:58:37 Europe/Rome] PHP Warning:  Undefined variable $nome in /home/gruprhsg/gestionale.gruppofare.it/Contratti/scheda_workflow.php on line 296
[17-Apr-2026 11:00:20 Europe/Rome] PHP Warning:  Undefined variable $nome in /home/gruprhsg/gestionale.gruppofare.it/Contratti/scheda_workflow.php on line 296
[17-Apr-2026 11:25:33 Europe/Rome] PHP Warning:  Undefined variable $nome in /home/gruprhsg/gestionale.gruppofare.it/Contratti/scheda_workflow.php on line 296
[17-Apr-2026 11:38:35 Europe/Rome] PHP Warning:  Undefined variable $nome in /home/gruprhsg/gestionale.gruppofare.it/Contratti/scheda_workflow.php on line 296
[17-Apr-2026 11:38:35 Europe/Rome] PHP Warning:  Undefined variable $documenti_altro in /home/gruprhsg/gestionale.gruppofare.it/Contratti/scheda_workflow.php on line 2453
[17-Apr-2026 11:38:35 Europe/Rome] PHP Fatal error:  Uncaught TypeError: count(): Argument #1 ($value) must be of type Countable|array, null given in /home/gruprhsg/gestionale.gruppofare.it/Contratti/scheda_workflow.php:2453
Stack trace:
#0 {main}
  thrown in /home/gruprhsg/gestionale.gruppofare.it/Contratti/scheda_workflow.php on line 2453
[17-Apr-2026 11:42:44 Europe/Rome] PHP Warning:  Undefined variable $nome in /home/gruprhsg/gestionale.gruppofare.it/Contratti/scheda_workflow.php on line 296
[17-Apr-2026 11:42:44 Europe/Rome] PHP Warning:  Undefined variable $documenti_altro in /home/gruprhsg/gestionale.gruppofare.it/Contratti/scheda_workflow.php on line 2453
[17-Apr-2026 11:42:44 Europe/Rome] PHP Fatal error:  Uncaught TypeError: count(): Argument #1 ($value) must be of type Countable|array, null given in /home/gruprhsg/gestionale.gruppofare.it/Contratti/scheda_workflow.php:2453
Stack trace:
#0 {main}
  thrown in /home/gruprhsg/gestionale.gruppofare.it/Contratti/scheda_workflow.php on line 2453
[17-Apr-2026 11:43:29 Europe/Rome] PHP Warning:  Undefined variable $nome in /home/gruprhsg/gestionale.gruppofare.it/Contratti/scheda_workflow.php on line 296
[17-Apr-2026 11:43:29 Europe/Rome] PHP Warning:  Undefined variable $documenti_altro in /home/gruprhsg/gestionale.gruppofare.it/Contratti/scheda_workflow.php on line 2453
[17-Apr-2026 11:43:29 Europe/Rome] PHP Fatal error:  Uncaught TypeError: count(): Argument #1 ($value) must be of type Countable|array, null given in /home/gruprhsg/gestionale.gruppofare.it/Contratti/scheda_workflow.php:2453
Stack trace:
#0 {main}
  thrown in /home/gruprhsg/gestionale.gruppofare.it/Contratti/scheda_workflow.php on line 2453
[17-Apr-2026 12:04:48 Europe/Rome] PHP Warning:  Undefined variable $nome in /home/gruprhsg/gestionale.gruppofare.it/Contratti/scheda_workflow.php on line 296
[17-Apr-2026 12:04:48 Europe/Rome] PHP Warning:  Undefined variable $documenti_altro in /home/gruprhsg/gestionale.gruppofare.it/Contratti/scheda_workflow.php on line 2453
[17-Apr-2026 12:04:48 Europe/Rome] PHP Fatal error:  Uncaught TypeError: count(): Argument #1 ($value) must be of type Countable|array, null given in /home/gruprhsg/gestionale.gruppofare.it/Contratti/scheda_workflow.php:2453
Stack trace:
#0 {main}
  thrown in /home/gruprhsg/gestionale.gruppofare.it/Contratti/scheda_workflow.php on line 2453
[17-Apr-2026 12:09:40 Europe/Rome] PHP Warning:  Undefined variable $nome in /home/gruprhsg/gestionale.gruppofare.it/Contratti/scheda_workflow.php on line 296
[17-Apr-2026 12:09:40 Europe/Rome] PHP Warning:  Undefined variable $documenti_altro in /home/gruprhsg/gestionale.gruppofare.it/Contratti/scheda_workflow.php on line 2453
[17-Apr-2026 12:09:40 Europe/Rome] PHP Fatal error:  Uncaught TypeError: count(): Argument #1 ($value) must be of type Countable|array, null given in /home/gruprhsg/gestionale.gruppofare.it/Contratti/scheda_workflow.php:2453
Stack trace:
#0 {main}
  thrown in /home/gruprhsg/gestionale.gruppofare.it/Contratti/scheda_workflow.php on line 2453
[17-Apr-2026 12:10:01 Europe/Rome] PHP Warning:  Undefined variable $nome in /home/gruprhsg/gestionale.gruppofare.it/Contratti/scheda_workflow.php on line 296
[17-Apr-2026 12:10:01 Europe/Rome] PHP Warning:  Undefined variable $documenti_altro in /home/gruprhsg/gestionale.gruppofare.it/Contratti/scheda_workflow.php on line 2453
[17-Apr-2026 12:10:01 Europe/Rome] PHP Fatal error:  Uncaught TypeError: count(): Argument #1 ($value) must be of type Countable|array, null given in /home/gruprhsg/gestionale.gruppofare.it/Contratti/scheda_workflow.php:2453
Stack trace:
#0 {main}
  thrown in /home/gruprhsg/gestionale.gruppofare.it/Contratti/scheda_workflow.php on line 2453
[17-Apr-2026 12:10:16 Europe/Rome] PHP Warning:  Undefined variable $nome in /home/gruprhsg/gestionale.gruppofare.it/Contratti/scheda_workflow.php on line 296
[17-Apr-2026 12:10:16 Europe/Rome] PHP Warning:  Undefined variable $documenti_altro in /home/gruprhsg/gestionale.gruppofare.it/Contratti/scheda_workflow.php on line 2453
[17-Apr-2026 12:10:16 Europe/Rome] PHP Fatal error:  Uncaught TypeError: count(): Argument #1 ($value) must be of type Countable|array, null given in /home/gruprhsg/gestionale.gruppofare.it/Contratti/scheda_workflow.php:2453
Stack trace:
#0 {main}
  thrown in /home/gruprhsg/gestionale.gruppofare.it/Contratti/scheda_workflow.php on line 2453
[17-Apr-2026 12:15:03 Europe/Rome] PHP Warning:  Undefined variable $nome in /home/gruprhsg/gestionale.gruppofare.it/Contratti/scheda_workflow.php on line 296
[17-Apr-2026 12:16:20 Europe/Rome] PHP Warning:  Undefined variable $nome in /home/gruprhsg/gestionale.gruppofare.it/Contratti/scheda_workflow.php on line 296
[17-Apr-2026 12:16:20 Europe/Rome] PHP Warning:  Undefined variable $documenti_altro in /home/gruprhsg/gestionale.gruppofare.it/Contratti/scheda_workflow.php on line 2453
[17-Apr-2026 12:16:20 Europe/Rome] PHP Fatal error:  Uncaught TypeError: count(): Argument #1 ($value) must be of type Countable|array, null given in /home/gruprhsg/gestionale.gruppofare.it/Contratti/scheda_workflow.php:2453
Stack trace:
#0 {main}
  thrown in /home/gruprhsg/gestionale.gruppofare.it/Contratti/scheda_workflow.php on line 2453
[17-Apr-2026 12:17:30 Europe/Rome] PHP Warning:  Undefined variable $nome in /home/gruprhsg/gestionale.gruppofare.it/Contratti/scheda_workflow.php on line 296
[17-Apr-2026 12:17:30 Europe/Rome] PHP Warning:  Undefined variable $documenti_altro in /home/gruprhsg/gestionale.gruppofare.it/Contratti/scheda_workflow.php on line 2453
[17-Apr-2026 12:17:30 Europe/Rome] PHP Fatal error:  Uncaught TypeError: count(): Argument #1 ($value) must be of type Countable|array, null given in /home/gruprhsg/gestionale.gruppofare.it/Contratti/scheda_workflow.php:2453
Stack trace:
#0 {main}
  thrown in /home/gruprhsg/gestionale.gruppofare.it/Contratti/scheda_workflow.php on line 2453
[17-Apr-2026 12:17:45 Europe/Rome] PHP Warning:  Undefined variable $nome in /home/gruprhsg/gestionale.gruppofare.it/Contratti/scheda_workflow.php on line 296
[17-Apr-2026 12:17:45 Europe/Rome] PHP Warning:  Undefined variable $documenti_altro in /home/gruprhsg/gestionale.gruppofare.it/Contratti/scheda_workflow.php on line 2453
[17-Apr-2026 12:17:45 Europe/Rome] PHP Fatal error:  Uncaught TypeError: count(): Argument #1 ($value) must be of type Countable|array, null given in /home/gruprhsg/gestionale.gruppofare.it/Contratti/scheda_workflow.php:2453
Stack trace:
#0 {main}
  thrown in /home/gruprhsg/gestionale.gruppofare.it/Contratti/scheda_workflow.php on line 2453
[17-Apr-2026 12:30:00 Europe/Rome] PHP Warning:  Undefined variable $nome in /home/gruprhsg/gestionale.gruppofare.it/Contratti/scheda_workflow.php on line 296
[17-Apr-2026 12:31:33 Europe/Rome] PHP Warning:  Undefined variable $nome in /home/gruprhsg/gestionale.gruppofare.it/Contratti/scheda_workflow.php on line 296
[17-Apr-2026 12:31:33 Europe/Rome] PHP Warning:  Undefined variable $documenti_altro in /home/gruprhsg/gestionale.gruppofare.it/Contratti/scheda_workflow.php on line 2453
[17-Apr-2026 12:31:33 Europe/Rome] PHP Fatal error:  Uncaught TypeError: count(): Argument #1 ($value) must be of type Countable|array, null given in /home/gruprhsg/gestionale.gruppofare.it/Contratti/scheda_workflow.php:2453
Stack trace:
#0 {main}
  thrown in /home/gruprhsg/gestionale.gruppofare.it/Contratti/scheda_workflow.php on line 2453
[17-Apr-2026 12:33:53 Europe/Rome] PHP Warning:  Undefined variable $nome in /home/gruprhsg/gestionale.gruppofare.it/Contratti/scheda_workflow.php on line 296
[17-Apr-2026 12:34:18 Europe/Rome] PHP Warning:  Undefined variable $nome in /home/gruprhsg/gestionale.gruppofare.it/Contratti/scheda_workflow.php on line 296
[17-Apr-2026 12:34:26 Europe/Rome] PHP Warning:  Undefined variable $nome in /home/gruprhsg/gestionale.gruppofare.it/Contratti/scheda_workflow.php on line 296
[17-Apr-2026 12:34:26 Europe/Rome] PHP Warning:  Undefined variable $documenti_altro in /home/gruprhsg/gestionale.gruppofare.it/Contratti/scheda_workflow.php on line 2453
[17-Apr-2026 12:34:26 Europe/Rome] PHP Fatal error:  Uncaught TypeError: count(): Argument #1 ($value) must be of type Countable|array, null given in /home/gruprhsg/gestionale.gruppofare.it/Contratti/scheda_workflow.php:2453
Stack trace:
#0 {main}
  thrown in /home/gruprhsg/gestionale.gruppofare.it/Contratti/scheda_workflow.php on line 2453
[17-Apr-2026 12:34:41 Europe/Rome] PHP Warning:  Undefined variable $nome in /home/gruprhsg/gestionale.gruppofare.it/Contratti/scheda_workflow.php on line 296
[17-Apr-2026 12:53:01 Europe/Rome] PHP Warning:  Undefined variable $nome in /home/gruprhsg/gestionale.gruppofare.it/Contratti/scheda_workflow.php on line 296
[17-Apr-2026 12:54:01 Europe/Rome] PHP Warning:  Undefined variable $nome in /home/gruprhsg/gestionale.gruppofare.it/Contratti/scheda_workflow.php on line 296
[17-Apr-2026 12:54:21 Europe/Rome] PHP Warning:  Undefined variable $nome in /home/gruprhsg/gestionale.gruppofare.it/Contratti/scheda_workflow.php on line 296
[17-Apr-2026 13:13:12 Europe/Rome] PHP Warning:  Undefined variable $nome in /home/gruprhsg/gestionale.gruppofare.it/Contratti/scheda_workflow.php on line 296
[17-Apr-2026 13:13:12 Europe/Rome] PHP Warning:  Undefined variable $documenti_altro in /home/gruprhsg/gestionale.gruppofare.it/Contratti/scheda_workflow.php on line 2453
[17-Apr-2026 13:13:12 Europe/Rome] PHP Fatal error:  Uncaught TypeError: count(): Argument #1 ($value) must be of type Countable|array, null given in /home/gruprhsg/gestionale.gruppofare.it/Contratti/scheda_workflow.php:2453
Stack trace:
#0 {main}
  thrown in /home/gruprhsg/gestionale.gruppofare.it/Contratti/scheda_workflow.php on line 2453
[17-Apr-2026 13:15:20 Europe/Rome] PHP Warning:  Undefined variable $nome in /home/gruprhsg/gestionale.gruppofare.it/Contratti/scheda_workflow.php on line 296
[17-Apr-2026 13:15:20 Europe/Rome] PHP Warning:  Undefined variable $documenti_altro in /home/gruprhsg/gestionale.gruppofare.it/Contratti/scheda_workflow.php on line 2453
[17-Apr-2026 13:15:20 Europe/Rome] PHP Fatal error:  Uncaught TypeError: count(): Argument #1 ($value) must be of type Countable|array, null given in /home/gruprhsg/gestionale.gruppofare.it/Contratti/scheda_workflow.php:2453
Stack trace:
#0 {main}
  thrown in /home/gruprhsg/gestionale.gruppofare.it/Contratti/scheda_workflow.php on line 2453
[17-Apr-2026 13:17:57 Europe/Rome] PHP Warning:  Undefined variable $nome in /home/gruprhsg/gestionale.gruppofare.it/Contratti/scheda_workflow.php on line 296
[17-Apr-2026 13:17:57 Europe/Rome] PHP Warning:  Undefined variable $documenti_altro in /home/gruprhsg/gestionale.gruppofare.it/Contratti/scheda_workflow.php on line 2453
[17-Apr-2026 13:17:57 Europe/Rome] PHP Fatal error:  Uncaught TypeError: count(): Argument #1 ($value) must be of type Countable|array, null given in /home/gruprhsg/gestionale.gruppofare.it/Contratti/scheda_workflow.php:2453
Stack trace:
#0 {main}
  thrown in /home/gruprhsg/gestionale.gruppofare.it/Contratti/scheda_workflow.php on line 2453
[17-Apr-2026 13:18:38 Europe/Rome] PHP Warning:  Undefined variable $nome in /home/gruprhsg/gestionale.gruppofare.it/Contratti/scheda_workflow.php on line 296
[17-Apr-2026 13:18:38 Europe/Rome] PHP Warning:  Undefined variable $documenti_altro in /home/gruprhsg/gestionale.gruppofare.it/Contratti/scheda_workflow.php on line 2453
[17-Apr-2026 13:18:38 Europe/Rome] PHP Fatal error:  Uncaught TypeError: count(): Argument #1 ($value) must be of type Countable|array, null given in /home/gruprhsg/gestionale.gruppofare.it/Contratti/scheda_workflow.php:2453
Stack trace:
#0 {main}
  thrown in /home/gruprhsg/gestionale.gruppofare.it/Contratti/scheda_workflow.php on line 2453
[17-Apr-2026 13:19:47 Europe/Rome] PHP Warning:  Undefined variable $nome in /home/gruprhsg/gestionale.gruppofare.it/Contratti/scheda_workflow.php on line 296
[17-Apr-2026 13:19:47 Europe/Rome] PHP Warning:  Undefined variable $documenti_altro in /home/gruprhsg/gestionale.gruppofare.it/Contratti/scheda_workflow.php on line 2453
[17-Apr-2026 13:19:47 Europe/Rome] PHP Fatal error:  Uncaught TypeError: count(): Argument #1 ($value) must be of type Countable|array, null given in /home/gruprhsg/gestionale.gruppofare.it/Contratti/scheda_workflow.php:2453
Stack trace:
#0 {main}
  thrown in /home/gruprhsg/gestionale.gruppofare.it/Contratti/scheda_workflow.php on line 2453
[17-Apr-2026 13:22:16 Europe/Rome] PHP Warning:  Undefined variable $nome in /home/gruprhsg/gestionale.gruppofare.it/Contratti/scheda_workflow.php on line 296
[17-Apr-2026 13:22:16 Europe/Rome] PHP Warning:  Undefined variable $documenti_altro in /home/gruprhsg/gestionale.gruppofare.it/Contratti/scheda_workflow.php on line 2453
[17-Apr-2026 13:22:16 Europe/Rome] PHP Fatal error:  Uncaught TypeError: count(): Argument #1 ($value) must be of type Countable|array, null given in /home/gruprhsg/gestionale.gruppofare.it/Contratti/scheda_workflow.php:2453
Stack trace:
#0 {main}
  thrown in /home/gruprhsg/gestionale.gruppofare.it/Contratti/scheda_workflow.php on line 2453
[17-Apr-2026 13:22:46 Europe/Rome] PHP Warning:  Undefined variable $nome in /home/gruprhsg/gestionale.gruppofare.it/Contratti/scheda_workflow.php on line 296
[17-Apr-2026 13:22:46 Europe/Rome] PHP Warning:  Undefined variable $documenti_altro in /home/gruprhsg/gestionale.gruppofare.it/Contratti/scheda_workflow.php on line 2453
[17-Apr-2026 13:22:46 Europe/Rome] PHP Fatal error:  Uncaught TypeError: count(): Argument #1 ($value) must be of type Countable|array, null given in /home/gruprhsg/gestionale.gruppofare.it/Contratti/scheda_workflow.php:2453
Stack trace:
#0 {main}
  thrown in /home/gruprhsg/gestionale.gruppofare.it/Contratti/scheda_workflow.php on line 2453
[17-Apr-2026 13:30:02 Europe/Rome] PHP Warning:  Undefined variable $nome in /home/gruprhsg/gestionale.gruppofare.it/Contratti/scheda_workflow.php on line 296
[17-Apr-2026 13:30:02 Europe/Rome] PHP Warning:  Undefined variable $documenti_altro in /home/gruprhsg/gestionale.gruppofare.it/Contratti/scheda_workflow.php on line 2453
[17-Apr-2026 13:30:02 Europe/Rome] PHP Fatal error:  Uncaught TypeError: count(): Argument #1 ($value) must be of type Countable|array, null given in /home/gruprhsg/gestionale.gruppofare.it/Contratti/scheda_workflow.php:2453
Stack trace:
#0 {main}
  thrown in /home/gruprhsg/gestionale.gruppofare.it/Contratti/scheda_workflow.php on line 2453
[17-Apr-2026 13:30:21 Europe/Rome] PHP Warning:  Undefined variable $nome in /home/gruprhsg/gestionale.gruppofare.it/Contratti/scheda_workflow.php on line 296
[17-Apr-2026 13:30:21 Europe/Rome] PHP Warning:  Undefined variable $documenti_altro in /home/gruprhsg/gestionale.gruppofare.it/Contratti/scheda_workflow.php on line 2453
[17-Apr-2026 13:30:21 Europe/Rome] PHP Fatal error:  Uncaught TypeError: count(): Argument #1 ($value) must be of type Countable|array, null given in /home/gruprhsg/gestionale.gruppofare.it/Contratti/scheda_workflow.php:2453
Stack trace:
#0 {main}
  thrown in /home/gruprhsg/gestionale.gruppofare.it/Contratti/scheda_workflow.php on line 2453
[17-Apr-2026 13:30:33 Europe/Rome] PHP Warning:  Undefined variable $nome in /home/gruprhsg/gestionale.gruppofare.it/Contratti/scheda_workflow.php on line 296
[17-Apr-2026 13:30:33 Europe/Rome] PHP Warning:  Undefined variable $documenti_altro in /home/gruprhsg/gestionale.gruppofare.it/Contratti/scheda_workflow.php on line 2453
[17-Apr-2026 13:30:33 Europe/Rome] PHP Fatal error:  Uncaught TypeError: count(): Argument #1 ($value) must be of type Countable|array, null given in /home/gruprhsg/gestionale.gruppofare.it/Contratti/scheda_workflow.php:2453
Stack trace:
#0 {main}
  thrown in /home/gruprhsg/gestionale.gruppofare.it/Contratti/scheda_workflow.php on line 2453
[17-Apr-2026 13:30:45 Europe/Rome] PHP Warning:  Undefined variable $nome in /home/gruprhsg/gestionale.gruppofare.it/Contratti/scheda_workflow.php on line 296
[17-Apr-2026 13:30:45 Europe/Rome] PHP Warning:  Undefined variable $documenti_altro in /home/gruprhsg/gestionale.gruppofare.it/Contratti/scheda_workflow.php on line 2453
[17-Apr-2026 13:30:45 Europe/Rome] PHP Fatal error:  Uncaught TypeError: count(): Argument #1 ($value) must be of type Countable|array, null given in /home/gruprhsg/gestionale.gruppofare.it/Contratti/scheda_workflow.php:2453
Stack trace:
#0 {main}
  thrown in /home/gruprhsg/gestionale.gruppofare.it/Contratti/scheda_workflow.php on line 2453
[17-Apr-2026 13:37:35 Europe/Rome] PHP Warning:  Undefined variable $documenti_altro in /home/gruprhsg/gestionale.gruppofare.it/Contratti/scheda_workflow.php on line 2453
[17-Apr-2026 13:37:35 Europe/Rome] PHP Fatal error:  Uncaught TypeError: count(): Argument #1 ($value) must be of type Countable|array, null given in /home/gruprhsg/gestionale.gruppofare.it/Contratti/scheda_workflow.php:2453
Stack trace:
#0 {main}
  thrown in /home/gruprhsg/gestionale.gruppofare.it/Contratti/scheda_workflow.php on line 2453
[17-Apr-2026 13:45:01 Europe/Rome] PHP Warning:  Undefined variable $documenti_altro in /home/gruprhsg/gestionale.gruppofare.it/Contratti/scheda_workflow.php on line 2453
[17-Apr-2026 13:45:01 Europe/Rome] PHP Fatal error:  Uncaught TypeError: count(): Argument #1 ($value) must be of type Countable|array, null given in /home/gruprhsg/gestionale.gruppofare.it/Contratti/scheda_workflow.php:2453
Stack trace:
#0 {main}
  thrown in /home/gruprhsg/gestionale.gruppofare.it/Contratti/scheda_workflow.php on line 2453
